mysql> create database music_player;
Query OK, 1 row affected (0.00 sec)

mysql> use music_player
Database changed
mysql> show tables;
Empty set (0.00 sec)

mysql> drop database music_player;
Query OK, 0 rows affected, 3 warnings (0.13 sec)

mysql> create database MusicPlayer;
Query OK, 1 row affected (0.00 sec)

mysql> create table MusicFiles(Song_ID int primary key auto increment,Song_Title varchar(50),Artist_Name varchar(50),Album_Name varchar(50),Song_Location varchar(50),Description varchar(250));
ERROR 1046 (3D000): No database selected
mysql> use MusicPlayer;
Database changed
mysql> create table MusicFiles(Song_ID int primary key auto increment,Song_Title varchar(50),Artist_Name varchar(50),Album_Name varchar(50),Song_Location varchar(50),Description varchar(250));
ERROR 1064 (42000): You have an error in your SQL syntax; check the manual that corresponds to your MySQL server version for the right syntax to use near 'auto increment,Song_Title varchar(50),Artist_Name varchar(50),Album_Name varchar' at line 1
mysql> create table MusicFiles(Song_ID int primary key auto_increment,Song_Title varchar(50),Artist_Name varchar(50),Album_Name varchar(50),Song_Location varchar(50),Description varchar(250));
Query OK, 0 rows affected (0.01 sec)

mysql> describe MusicFiles;
+---------------+--------------+------+-----+---------+----------------+
| Field         | Type         | Null | Key | Default | Extra          |
+---------------+--------------+------+-----+---------+----------------+
| Song_ID       | int(11)      | NO   | PRI | NULL    | auto_increment |
| Song_Title    | varchar(50)  | YES  |     | NULL    |                |
| Artist_Name   | varchar(50)  | YES  |     | NULL    |                |
| Album_Name    | varchar(50)  | YES  |     | NULL    |                |
| Song_Location | varchar(50)  | YES  |     | NULL    |                |
| Description   | varchar(250) | YES  |     | NULL    |                |
+---------------+--------------+------+-----+---------+----------------+
6 rows in set (0.00 sec)

mysql> insert into MusicFiles values("Maya Visai","Vijay Narain","Irudhi Suttru","Spotify","Song by Vijay Narain");
ERROR 1136 (21S01): Column count doesn't match value count at row 1
mysql> insert into MusicFiles (Song_Title,Artist_Name,Album_Name,Song_Location,Description) values("Maya Visai","Vijay Narain","Irudhi Suttru","Spotify","Song by Vijay Narain");
Query OK, 1 row affected (0.00 sec)

mysql> describe MusicFiles;
+---------------+--------------+------+-----+---------+----------------+
| Field         | Type         | Null | Key | Default | Extra          |
+---------------+--------------+------+-----+---------+----------------+
| Song_ID       | int(11)      | NO   | PRI | NULL    | auto_increment |
| Song_Title    | varchar(50)  | YES  |     | NULL    |                |
| Artist_Name   | varchar(50)  | YES  |     | NULL    |                |
| Album_Name    | varchar(50)  | YES  |     | NULL    |                |
| Song_Location | varchar(50)  | YES  |     | NULL    |                |
| Description   | varchar(250) | YES  |     | NULL    |                |
+---------------+--------------+------+-----+---------+----------------+
6 rows in set (0.00 sec)

mysql> select * from MusicFiles;
+---------+------------+--------------+---------------+---------------+----------------------+
| Song_ID | Song_Title | Artist_Name  | Album_Name    | Song_Location | Description          |
+---------+------------+--------------+---------------+---------------+----------------------+
|       1 | Maya Visai | Vijay Narain | Irudhi Suttru | Spotify       | Song by Vijay Narain |
+---------+------------+--------------+---------------+---------------+----------------------+
1 row in set (0.00 sec)

mysql> insert into MusicFiles (Song_Title,Artist_Name,Album_Name,Song_Location,Description) values("Ey Sandakaara","Dhee","Irudhi Suttru","Spotify","Song by Dhee");
Query OK, 1 row affected (0.01 sec)

mysql> insert into MusicFiles (Song_Title,Artist_Name,Album_Name,Song_Location,Description) values("Beating Around the Bush","AC/DC","Highway to Hell","Spotify","Song by AC/DC");
Query OK, 1 row affected (0.00 sec)

mysql> select * from MusicFiles;
+---------+-------------------------+--------------+-----------------+---------------+----------------------+
| Song_ID | Song_Title              | Artist_Name  | Album_Name      | Song_Location | Description          |
+---------+-------------------------+--------------+-----------------+---------------+----------------------+
|       1 | Maya Visai              | Vijay Narain | Irudhi Suttru   | Spotify       | Song by Vijay Narain |
|       2 | Ey Sandakaara           | Dhee         | Irudhi Suttru   | Spotify       | Song by Dhee         |
|       3 | Beating Around the Bush | AC/DC        | Highway to Hell | Spotify       | Song by AC/DC        |
+---------+-------------------------+--------------+-----------------+---------------+----------------------+
3 rows in set (0.00 sec)

mysql> insert into MusicFiles (Song_Title,Artist_Name,Album_Name,Song_Location,Description) values("Thunderstruct","AC/DC","The Razors Edge","Spotify","Song by AC/DC");
Query OK, 1 row affected (0.00 sec)

mysql> insert into MusicFiles (Song_Title,Artist_Name,Album_Name,Song_Location,Description) values("Thunderstruct","Eminem","8 Mile","Spotify","Song by Eminem");
Query OK, 1 row affected (0.00 sec)

mysql> select * from MusicFiles;
+---------+-------------------------+--------------+-----------------+---------------+----------------------+
| Song_ID | Song_Title              | Artist_Name  | Album_Name      | Song_Location | Description          |
+---------+-------------------------+--------------+-----------------+---------------+----------------------+
|       1 | Maya Visai              | Vijay Narain | Irudhi Suttru   | Spotify       | Song by Vijay Narain |
|       2 | Ey Sandakaara           | Dhee         | Irudhi Suttru   | Spotify       | Song by Dhee         |
|       3 | Beating Around the Bush | AC/DC        | Highway to Hell | Spotify       | Song by AC/DC        |
|       4 | Thunderstruct           | AC/DC        | The Razors Edge | Spotify       | Song by AC/DC        |
|       5 | Thunderstruct           | Eminem       | 8 Mile          | Spotify       | Song by Eminem       |
+---------+-------------------------+--------------+-----------------+---------------+----------------------+
5 rows in set (0.00 sec)

mysql> select * from MusicFiles order by Song_Title;
+---------+-------------------------+--------------+-----------------+---------------+----------------------+
| Song_ID | Song_Title              | Artist_Name  | Album_Name      | Song_Location | Description          |
+---------+-------------------------+--------------+-----------------+---------------+----------------------+
|       3 | Beating Around the Bush | AC/DC        | Highway to Hell | Spotify       | Song by AC/DC        |
|       2 | Ey Sandakaara           | Dhee         | Irudhi Suttru   | Spotify       | Song by Dhee         |
|       1 | Maya Visai              | Vijay Narain | Irudhi Suttru   | Spotify       | Song by Vijay Narain |
|       4 | Thunderstruct           | AC/DC        | The Razors Edge | Spotify       | Song by AC/DC        |
|       5 | Thunderstruct           | Eminem       | 8 Mile          | Spotify       | Song by Eminem       |
+---------+-------------------------+--------------+-----------------+---------------+----------------------+
5 rows in set (0.00 sec)

mysql> select * from MusicFiles;
+---------+-------------------------+--------------+--------------------------+---------------+----------------------+
| Song_ID | Song_Title              | Artist_Name  | Album_Name               | Song_Location | Description          |
+---------+-------------------------+--------------+--------------------------+---------------+----------------------+
|       1 | Maya Visai              | Vijay Narain | Irudhi Suttru            | Spotify       | Song by Vijay Narain |
|       2 | Ey Sandakaara           | Dhee         | Irudhi Suttru            | Spotify       | Song by Dhee         |
|       3 | Beating Around the Bush | AC/DC        | Highway to Hell          | Spotify       | Song by AC/DC        |
|       4 | Thunderstruct           | AC/DC        | The Razors Edge          | Spotify       | Song by AC/DC        |
|       5 | Thunderstruct           | Eminem       | 8 Mile                   | Spotify       | Song by Eminem       |
|       6 | Rap God                 | Eminem       | The Marshall Mathers LP2 | spotify       | Song by Eminem       |
+---------+-------------------------+--------------+--------------------------+---------------+----------------------+
6 rows in set (0.00 sec)

mysql> select * from MusicFiles;
+---------+-------------------------+--------------+--------------------------+---------------+----------------------+
| Song_ID | Song_Title              | Artist_Name  | Album_Name               | Song_Location | Description          |
+---------+-------------------------+--------------+--------------------------+---------------+----------------------+
|       1 | Maya Visai              | Vijay Narain | Irudhi Suttru            | Spotify       | Song by Vijay Narain |
|       2 | Ey Sandakaara           | Dhee         | Irudhi Suttru            | Spotify       | Song by Dhee         |
|       3 | Beating Around the Bush | AC/DC        | Highway to Hell          | Spotify       | Song by AC/DC        |
|       4 | Thunderstruct           | AC/DC        | The Razors Edge          | Spotify       | Song by AC/DC        |
|       5 | Thunderstruct           | Eminem       | 8 Mile                   | Spotify       | Song by Eminem       |
|       6 | Rap God                 | Eminem       | The Marshall Mathers LP2 | spotify       | Song by Eminem       |
+---------+-------------------------+--------------+--------------------------+---------------+----------------------+
6 rows in set (0.00 sec)

mysql> select * from MusicFiles;
+---------+---------------+--------------+--------------------------+---------------+----------------------+
| Song_ID | Song_Title    | Artist_Name  | Album_Name               | Song_Location | Description          |
+---------+---------------+--------------+--------------------------+---------------+----------------------+
|       1 | Maya Visai    | Vijay Narain | Irudhi Suttru            | Spotify       | Song by Vijay Narain |
|       2 | Ey Sandakaara | Dhee         | Irudhi Suttru            | Spotify       | Song by Dhee         |
|       4 | Thunderstruct | AC/DC        | The Razors Edge          | Spotify       | Song by AC/DC        |
|       5 | Thunderstruct | Eminem       | 8 Mile                   | Spotify       | Song by Eminem       |
|       6 | Rap God       | Eminem       | The Marshall Mathers LP2 | spotify       | Song by Eminem       |
+---------+---------------+--------------+--------------------------+---------------+----------------------+
5 rows in set (0.00 sec)

mysql> select * from MusicFiles;
+---------+---------------+-----------------+--------------------------+---------------+-------------------------+
| Song_ID | Song_Title    | Artist_Name     | Album_Name               | Song_Location | Description             |
+---------+---------------+-----------------+--------------------------+---------------+-------------------------+
|       1 | Maya Visai    | Vijay Narayanan | Irudhi Suttru            | ganna         | Song by Vijay Narayanan |
|       2 | Ey Sandakaara | Dhee            | Irudhi Suttru            | Spotify       | Song by Dhee            |
|       4 | Thunderstruct | AC/DC           | The Razors Edge          | Spotify       | Song by AC/DC           |
|       5 | Thunderstruct | Eminem          | 8 Mile                   | Spotify       | Song by Eminem          |
|       6 | Rap God       | Eminem          | The Marshall Mathers LP2 | spotify       | Song by Eminem          |
+---------+---------------+-----------------+--------------------------+---------------+-------------------------+
5 rows in set (0.00 sec)

mysql> update MusicFiles set Song_Location ="C://home/rathesh/Songs";
Query OK, 5 rows affected (0.00 sec)
Rows matched: 5  Changed: 5  Warnings: 0

mysql> select * from MusicFiles;
+---------+---------------+-----------------+--------------------------+------------------------+-------------------------+
| Song_ID | Song_Title    | Artist_Name     | Album_Name               | Song_Location          | Description             |
+---------+---------------+-----------------+--------------------------+------------------------+-------------------------+
|       1 | Maya Visai    | Vijay Narayanan | Irudhi Suttru            | C://home/rathesh/Songs | Song by Vijay Narayanan |
|       2 | Ey Sandakaara | Dhee            | Irudhi Suttru            | C://home/rathesh/Songs | Song by Dhee            |
|       4 | Thunderstruct | AC/DC           | The Razors Edge          | C://home/rathesh/Songs | Song by AC/DC           |
|       5 | Thunderstruct | Eminem          | 8 Mile                   | C://home/rathesh/Songs | Song by Eminem          |
|       6 | Rap God       | Eminem          | The Marshall Mathers LP2 | C://home/rathesh/Songs | Song by Eminem          |
+---------+---------------+-----------------+--------------------------+------------------------+-------------------------+
5 rows in set (0.00 sec)

mysql> select * from MusicFiles;
+---------+---------------+-----------------+--------------------------+--------------------------------+-------------------------------------------------------------+
| Song_ID | Song_Title    | Artist_Name     | Album_Name               | Song_Location                  | Description                                                 |
+---------+---------------+-----------------+--------------------------+--------------------------------+-------------------------------------------------------------+
|       1 | Maya Visai    | Vijay Narayanan | Irudhi Suttru            | C://home/rathesh/Songs         | Song by Vijay Narayanan                                     |
|       2 | Ey Sandakaara | Dhee            | Irudhi Suttru            | C://home/rathesh/Songs         | Song by Dhee                                                |
|       4 | Thunderstruct | AC/DC           | The Razors Edge          | C://home/rathesh/Songs         | Song by AC/DC                                               |
|       5 | Thunderstruct | Eminem          | 8 Mile                   | C://home/rathesh/Songs         | Song by Eminem                                              |
|       6 | Rap God       | Eminem          | The Marshall Mathers LP2 | C://home/rathesh/Songs         | Song by Eminem                                              |
|       7 | Enjami Enjami | Dhee            | Enjami Album             | c://home/rathesh/Deskotp/songs | A song played by Dhee and music given by santhosh narayanan |
+---------+---------------+-----------------+--------------------------+--------------------------------+-------------------------------------------------------------+
6 rows in set (0.00 sec)

mysql> select * from MusicFiles;
+---------+---------------+-----------------+--------------------------+------------------------+-------------------------+
| Song_ID | Song_Title    | Artist_Name     | Album_Name               | Song_Location          | Description             |
+---------+---------------+-----------------+--------------------------+------------------------+-------------------------+
|       1 | Maya Visai    | Vijay Narayanan | Irudhi Suttru            | C://home/rathesh/Songs | Song by Vijay Narayanan |
|       2 | Ey Sandakaara | Dhee            | Irudhi Suttru            | C://home/rathesh/Songs | Song by Dhee            |
|       4 | Thunderstruct | AC/DC           | The Razors Edge          | C://home/rathesh/Songs | Song by AC/DC           |
|       5 | Thunderstruct | Eminem          | 8 Mile                   | C://home/rathesh/Songs | Song by Eminem          |
|       6 | Rap God       | Eminem          | The Marshall Mathers LP2 | C://home/rathesh/Songs | Song by Eminem          |
|       7 | Enjami        | Dhee            | Enjami Album             | c://Desktop/Songs      | A song by Dhee          |
+---------+---------------+-----------------+--------------------------+------------------------+-------------------------+
6 rows in set (0.00 sec)

mysql> select * from MusicFiles;
+---------+---------------+-----------------+-----------------+------------------------+-------------------------+
| Song_ID | Song_Title    | Artist_Name     | Album_Name      | Song_Location          | Description             |
+---------+---------------+-----------------+-----------------+------------------------+-------------------------+
|       1 | Maya Visai    | Vijay Narayanan | Irudhi Suttru   | C://home/rathesh/Songs | Song by Vijay Narayanan |
|       2 | Ey Sandakaara | Dhee            | Irudhi Suttru   | C://home/rathesh/Songs | Song by Dhee            |
|       4 | Thunderstruct | AC/DC           | The Razors Edge | C://home/rathesh/Songs | Song by AC/DC           |
|       5 | Thunderstruct | Eminem          | 8 Mile          | C://home/rathesh/Songs | Song by Eminem          |
|       7 | Enjami        | Dhee            | Enjami Album    | c://Desktop/Songs      | A song by Dhee          |
+---------+---------------+-----------------+-----------------+------------------------+-------------------------+
5 rows in set (0.00 sec)

mysql> SELECT COLUMN_NAME FROM INFORMATION_SCHEMA.COLUMNS WHERE TABLE_NAME = 'MusicFiles' ORDER BY ORDINAL_POSITION;
+---------------+
| COLUMN_NAME   |
+---------------+
| Song_ID       |
| Song_Title    |
| Artist_Name   |
| Album_Name    |
| Song_Location |
| Description   |
+---------------+
6 rows in set (0.00 sec)

mysql> select * from MusicFiles;
+---------+---------------+-----------------+-----------------+------------------------+-------------------------+
| Song_ID | Song_Title    | Artist_Name     | Album_Name      | Song_Location          | Description             |
+---------+---------------+-----------------+-----------------+------------------------+-------------------------+
|       1 | Maya Visai    | Vijay Narayanan | Irudhi Suttru   | C://home/rathesh/Songs | Song by Vijay Narayanan |
|       2 | Ey Sandakaara | Dhee            | Irudhi Suttru   | C://home/rathesh/Songs | Song by Dhee            |
|       4 | Thunderstruct | AC/DC           | The Razors Edge | C://home/rathesh/Songs | Song by AC/DC           |
|       5 | Thunderstruct | Eminem          | 8 Mile          | C://home/rathesh/Songs | Song by Eminem          |
+---------+---------------+-----------------+-----------------+------------------------+-------------------------+
4 rows in set (0.00 sec)

mysql> select * from MusicFiles;
+---------+---------------+-----------------+-----------------+------------------------+-------------------------+
| Song_ID | Song_Title    | Artist_Name     | Album_Name      | Song_Location          | Description             |
+---------+---------------+-----------------+-----------------+------------------------+-------------------------+
|       1 | Maya Visai    | Vijay Narayanan | Irudhi Suttru   | C://home/rathesh/Songs | Song by Vijay Narayanan |
|       2 | Ey Sandakaara | Dhee            | Irudhi Suttru   | C://home/rathesh/Songs | Song by Dhee            |
|       4 | Thunderstruct | AC/DC           | The Razors Edge | C://home/rathesh/Songs | Song by AC/DC           |
|       5 | Thunderstruct | Eminem          | 8 Mile          | C://home/rathesh/Songs | Song by Eminem          |
|       8 | Enjami        | Dhee            | Dhee album      | c://desktop/           | sung by dhee            |
+---------+---------------+-----------------+-----------------+------------------------+-------------------------+
5 rows in set (0.00 sec)

